// Jest Snapshot v1, https://goo.gl/fbAQLP

exports[`Plugins/AllyBlock Overview 1`] = `
<DocumentFragment>
  <div
    class="css-1xkyebe"
  >
    <div
      class="css-jxxswp"
      id=""
    >
      <div
        class="css-xhp9da"
      >
        <h3
          class="css-16ist9v-BlockContainer"
        />
      </div>
    </div>
    <div
      aria-hidden="false"
      class="rah-static rah-static--height-auto"
      style="height: auto; overflow: visible;"
    >
      <div>
        <div>
          <div
            class="css-15owl46"
          >
            <div
              class="css-x60p33"
            >
              <div
                class="css-1vga9oy"
              >
                <button
                  aria-label="display the accessibility overview dashboard"
                  class="css-1tf4h46"
                >
                  close dashboard
                </button>
              </div>
            </div>
          </div>
          <div
            class="css-eqxzio"
          >
            <div>
              <div
                class="css-vurnku"
              >
                <div
                  class="css-1xkyebe"
                >
                  <div
                    class="css-jxxswp"
                    id=""
                  >
                    <div
                      class="css-xhp9da"
                    >
                      <h3
                        class="css-16ist9v-BlockContainer"
                      />
                    </div>
                  </div>
                  <div
                    aria-hidden="false"
                    class="rah-static rah-static--height-auto"
                    style="height: auto; overflow: visible;"
                  >
                    <div>
                      <div
                        class="css-154oin1"
                        data-testid="story"
                        id="blocks-core-story-plain--controls"
                      >
                        <div
                          class="story-render-container css-dhmrnb"
                        >
                          <svg
                            aria-valuemax="1"
                            aria-valuemin="0"
                            aria-valuenow="0.5"
                            class="css-14d2907"
                            fill="none"
                            height="128"
                            role="img"
                            stroke="currentcolor"
                            stroke-width="2"
                            viewBox="0 0 32 32"
                            width="128"
                          >
                            <circle
                              cx="16"
                              cy="16"
                              opacity="0.125"
                              r="14"
                            />
                            <circle
                              cx="16"
                              cy="16"
                              r="14"
                              stroke-dasharray="87.96459430051421"
                              stroke-dashoffset="43.982297150257104"
                              transform="rotate(-90 16 16)"
                            />
                          </svg>
                        </div>
                      </div>
                    </div>
                  </div>
                </div>
              </div>
            </div>
            <div
              aria-hidden="true"
              class="rah-animating rah-animating--down rah-animating--to-height-auto"
              style="height: 0px; overflow: hidden; transition: height 250ms ease 0ms;"
            >
              <div
                style=""
              >
                <div
                  class="css-ez35gb"
                />
              </div>
            </div>
          </div>
        </div>
      </div>
    </div>
  </div>
</DocumentFragment>
`;
