// Jest Snapshot v1, https://goo.gl/fbAQLP

exports[`data-template-import import 1`] = `
Object {
  "content": "export default {
  overview: {
    \\"1\\": {
      text: \\"Gisselle Mohr\\",
      variant: \\"success\\",
      fontSize: 19,
      icon: \\"right-arrow\\",
      iconSide: \\"right\\",
      iconSize: \\"small\\",
      padding: \\"medium\\"
    },
    \\"2\\": {
      text: \\"Bart Bechtelar\\",
      variant: \\"error\\",
      fontSize: 17,
      icon: \\"search\\",
      iconSide: \\"right\\",
      iconSize: \\"medium\\",
      padding: \\"small\\"
    },
    \\"3\\": {
      text: \\"Lula Rippin\\",
      variant: \\"accent\\",
      fontSize: 13,
      icon: \\"down-arrow\\",
      iconSide: \\"right\\",
      iconSize: \\"large\\",
      padding: \\"small\\"
    },
    \\"4\\": {
      text: \\"Kelvin Feeney\\",
      variant: \\"disabled\\",
      fontSize: 24,
      icon: \\"left-arrow\\",
      iconSide: \\"left\\",
      iconSize: \\"small\\",
      padding: \\"small\\"
    },
    \\"5\\": {
      text: \\"Leslie Mohr\\",
      variant: \\"success\\",
      fontSize: 13,
      icon: \\"search\\",
      iconSide: \\"left\\",
      iconSize: \\"small\\",
      padding: \\"medium\\"
    }
  }
};
",
  "data": Object {
    "overview": Object {
      "1": Object {
        "fontSize": 19,
        "icon": "right-arrow",
        "iconSide": "right",
        "iconSize": "small",
        "padding": "medium",
        "text": "Gisselle Mohr",
        "variant": "success",
      },
      "2": Object {
        "fontSize": 17,
        "icon": "search",
        "iconSide": "right",
        "iconSize": "medium",
        "padding": "small",
        "text": "Bart Bechtelar",
        "variant": "error",
      },
      "3": Object {
        "fontSize": 13,
        "icon": "down-arrow",
        "iconSide": "right",
        "iconSize": "large",
        "padding": "small",
        "text": "Lula Rippin",
        "variant": "accent",
      },
      "4": Object {
        "fontSize": 24,
        "icon": "left-arrow",
        "iconSide": "left",
        "iconSize": "small",
        "padding": "small",
        "text": "Kelvin Feeney",
        "variant": "disabled",
      },
      "5": Object {
        "fontSize": 13,
        "icon": "search",
        "iconSide": "left",
        "iconSize": "small",
        "padding": "medium",
        "text": "Leslie Mohr",
        "variant": "success",
      },
    },
  },
}
`;
