// Jest Snapshot v1, https://goo.gl/fbAQLP

exports[`rtr bundle ts 1`] = `
"import * as path from 'path';
import { loadStore } from '@component-controls/store';
import renderer, { act } from 'react-test-renderer';
import { renderErr, componentErr } from '@component-controls/test-renderers';

describe('Components/Header', () => {
  const store = loadStore(
    require(path.resolve(__dirname, './bundle/component-controls.js')),
  );
  const renderFn = store.config.renderFn;
  Object.keys(store.docs).forEach(docId => {
    const doc = store.docs[docId];
    if (doc.stories && doc.stories.length) {
      const stories = doc.stories;
      describe(doc.title, () => {
        stories.forEach(storyId => {
          const story = store.stories[storyId];
          it(story.name, async () => {
            let rendered;
            act(() => {
              rendered = renderFn(story, doc);
            });
            if (!rendered) {
              renderErr();
              return;
            }
            const component = renderer.create(rendered);
            if (!component) {
              componentErr();
              return;
            }
            expect(component.toJSON()).toMatchSnapshot();
          });
        });
      });
    }
  });
});
"
`;
