// Jest Snapshot v1, https://goo.gl/fbAQLP

exports[`rtl bundle ts 1`] = `
"import * as path from 'path';
import { loadStore } from '@component-controls/store';
const { render: reactRender } = require('@component-controls/render/react');
import { render, act } from '@testing-library/react';

const renderErr = (): void => {
  throw new Error('Could not render the story');
};

describe('Components/Header', () => {
  const store = loadStore(
    require(path.resolve(__dirname, './bundle/component-controls.js')),
  );
  const renderFn = store.config.renderFn || reactRender;
  Object.keys(store.docs).forEach(docId => {
    const doc = store.docs[docId];
    if (doc.stories && doc.stories.length) {
      const stories = doc.stories;
      describe(doc.title, () => {
        stories.forEach(storyId => {
          const story = store.stories[storyId];
          it(story.name, async () => {
            let rendered;
            act(() => {
              rendered = renderFn(story, doc);
            });
            if (!rendered) {
              renderErr();
              return;
            }
            const { asFragment } = render(rendered);
            expect(asFragment()).toMatchSnapshot();
          });
        });
      });
    }
  });
});
"
`;
