// Jest Snapshot v1, https://goo.gl/fbAQLP

exports[`enzyme bundle esm 1`] = `
"import * as path from 'path';
import { loadStore } from '@component-controls/store';
import { render as reactRender } from '@component-controls/render/react';
import { mount, configure } from 'enzyme';
import toJson from 'enzyme-to-json';
import Adapter from '@wojtekmaj/enzyme-adapter-react-17';

configure({ adapter: new Adapter() });

describe('Components/Header', () => {
  const store = loadStore(
    require(path.resolve(__dirname, './bundle/component-controls.js')),
  );
  const renderFn = store.config.renderFn || reactRender;
  Object.keys(store.docs).forEach(docId => {
    const doc = store.docs[docId];
    if (doc.stories && doc.stories.length) {
      const stories = doc.stories;
      describe(doc.title, () => {
        stories.forEach(storyId => {
          const story = store.stories[storyId];
          it(story.name, async () => {
            const rendered = renderFn(story, doc);
            const component = mount(rendered);
            expect(toJson(component, { mode: 'deep' })).toMatchSnapshot();
          });
        });
      });
    }
  });
});
"
`;
