// Jest Snapshot v1, https://goo.gl/fbAQLP

exports[`rtr  cjs 1`] = `
"const path = require('path');
const MatchMediaMock = require('jest-matchmedia-mock').default;
const { loadConfigurations } = require('@component-controls/config');
const { renderDocument } = require('@component-controls/test-renderers');
const { render: reactRender } = require('@component-controls/render/react');
const renderer = require('react-test-renderer');
const act = renderer.act;

const renderErr = () => {
  throw new Error('Could not render the story');
};
const componentErr = () => {
  throw new Error('Error rendering component with react-test-renderer');
};

const examples = require('./fixtures/VariantButton.docs');

describe('VariantButton', () => {
  let matchMedia;
  beforeAll(() => {
    matchMedia = new MatchMediaMock();
  });
  afterEach(() => {
    matchMedia.clear();
  });
  const configPath = path.resolve(__dirname, '.config');
  const config = loadConfigurations(configPath);
  if (!config.renderFn) {
    config.renderFn = reactRender;
  }
  let renderedExamples = [];
  act(() => {
    renderedExamples = renderDocument(examples, config);
  });
  if (!renderedExamples.length) {
    renderErr();
    return;
  }
  renderedExamples.forEach(({ name, rendered }) => {
    it(name, async () => {
      const component = renderer.create(rendered);
      if (!component) {
        componentErr();
        return;
      }
      expect(component.toJSON()).toMatchSnapshot();
    });
  });
});
"
`;
