// Jest Snapshot v1, https://goo.gl/fbAQLP

exports[`rtl bundle esm 1`] = `
"import * as path from 'path';
import MatchMediaMock from 'jest-matchmedia-mock';
import { loadStore } from '@component-controls/store';
const { render: reactRender } = require('@component-controls/render/react');

import { render, act } from '@testing-library/react';


let matchMedia;

describe('component-controls generated', () => {
  beforeAll(() => {
    jest.mock('rc-util/lib/Portal');
    matchMedia = new MatchMediaMock();
  });
  afterEach(() => {
    matchMedia.clear();
  });
const store = loadStore(require(path.resolve(__dirname, './bundle/component-controls.js')));
const renderFn = store.config.renderFn || reactRender;
Object.keys(store.docs).forEach(docId => {
  const doc = store.docs[docId];
  if (doc.stories && doc.stories.length) {
    const stories = doc.stories;
    describe(doc.title, () => {
      stories.forEach(storyId => {
        const story = store.stories[storyId];
        it(story.name, async () => {
              let rendered;
              act(() => {
              rendered = renderFn(story, doc);
              });
              let serialize;
              if (rendered) {
                ({ asFragment: serialize } = render(rendered));
              } else {
                serialize = () => 'error';
              }

          expect(serialize()).toMatchSnapshot();
        });
      });
    });
  }
});  
});
"
`;
