// Jest Snapshot v1, https://goo.gl/fbAQLP

exports[`rtl bundle ts 1`] = `
"import path from 'path';
import { loadStore } from '@component-controls/store';
const { render: reactRender } = require('@component-controls/render/react');

import { render, act } from '@testing-library/react';

describe('component-controls generated', () => {
  beforeAll(async done => {
    jest.mock('rc-util/lib/Portal');
    global.MutationObserver = class {
      constructor() {}
      disconnect() {}
      observe() {}
      takeRecords() {
        return [];
      }
    };

    Object.defineProperty(window, 'matchMedia', {
      writable: true,
      value: jest.fn().mockImplementation(query => ({
        matches: false,
        media: query,
        onchange: null,
        addEventListener: jest.fn(),
        removeEventListener: jest.fn(),
        dispatchEvent: jest.fn(),
      })),
    });
    done();
  });
const store = loadStore(require(path.resolve(__dirname, './bundle/component-controls.js')));
const renderFn = store.config.renderFn || reactRender;
Object.keys(store.docs).forEach(docId => {
  const doc = store.docs[docId];
  if (doc.stories && doc.stories.length) {
    const stories = doc.stories;
    describe(doc.title, () => {
      stories.forEach(storyId => {
        const story = store.stories[storyId];
        it(story.name, async () => {
              let rendered;
              act(() => {
              rendered = renderFn(story, doc);
              });
              let serialize;
              if (rendered) {
                ({ asFragment: serialize } = render(rendered));
              } else {
                serialize = () => 'error';
              }

          expect(serialize()).toMatchSnapshot();
        });
      });
    });
  }
}); 
});
"
`;
