// Jest Snapshot v1, https://goo.gl/fbAQLP

exports[`rtr bundle esm 1`] = `
"import * as path from 'path';
import MatchMediaMock from 'jest-matchmedia-mock';
import { loadStore } from '@component-controls/store';
const { render: reactRender } = require('@component-controls/render/react');

import renderer, { act } from 'react-test-renderer';


let matchMedia;

describe('component-controls generated', () => {
  beforeAll(() => {
    jest.mock('rc-util/lib/Portal');
    matchMedia = new MatchMediaMock();
  });
  afterEach(() => {
    matchMedia.clear();
  });
const store = loadStore(require(path.resolve(__dirname, './bundle/component-controls.js')));
const renderFn = store.config.renderFn || reactRender;
Object.keys(store.docs).forEach(docId => {
  const doc = store.docs[docId];
  if (doc.stories && doc.stories.length) {
    const stories = doc.stories;
    describe(doc.title, () => {
      stories.forEach(storyId => {
        const story = store.stories[storyId];
        it(story.name, async () => {
              let rendered;
              act(() => {
              rendered = renderFn(story, doc);                
              });
              const component = rendered ? renderer.create(rendered) : undefined;
              const serialize = component ? component.toJSON : () => undefined;

          expect(serialize()).toMatchSnapshot();
        });
      });
    });
  }
});  
});
"
`;
