// Jest Snapshot v1, https://goo.gl/fbAQLP

exports[`component-controls generated Components/Header Overview 1`] = `
<DocumentFragment>
  <header
    class="css-4cffwv"
  >
    header
  </header>
</DocumentFragment>
`;
