// Jest Snapshot v1, https://goo.gl/fbAQLP

exports[`merge instrument and react-docgen-typescript get config 1`] = `
Object {
  "module": Object {
    "rules": Array [
      Object {
        "exclude": Array [
          /node_modules/,
        ],
        "test": /\\\\\\.\\(js\\|jsx\\)\\$/,
        "use": Array [
          Object {
            "loader": "babel-loader",
            "options": Object {
              "presets": Array [
                Array [
                  "@babel/preset-env",
                  Object {
                    "corejs": 3,
                    "modules": "commonjs",
                    "targets": Object {
                      "browsers": Array [
                        "last 5 versions",
                        "ie >= 9",
                      ],
                      "node": "current",
                    },
                    "useBuiltIns": "usage",
                  },
                ],
                Array [
                  "@babel/preset-react",
                  Object {
                    "runtime": "automatic",
                  },
                ],
              ],
            },
          },
        ],
      },
      Object {
        "exclude": Array [
          /node_modules/,
        ],
        "test": /\\\\\\.\\(ts\\|tsx\\)\\$/,
        "use": Array [
          Object {
            "loader": "babel-loader",
            "options": Object {
              "presets": Array [
                Array [
                  "react-app",
                  Object {
                    "flow": false,
                    "typescript": true,
                  },
                ],
              ],
            },
          },
        ],
      },
      Object {
        "exclude": Array [
          /node_modules/,
        ],
        "loader": "babel-loader",
        "options": Object {
          "presets": Array [
            Array [
              "@babel/preset-env",
              Object {
                "corejs": 3,
                "modules": "commonjs",
                "targets": Object {
                  "browsers": Array [
                    "last 5 versions",
                    "ie >= 9",
                  ],
                  "node": "current",
                },
                "useBuiltIns": "usage",
              },
            ],
            "@babel/preset-react",
          ],
        },
        "test": /\\\\\\.\\(md\\|mdx\\)\\$/i,
      },
      Object {
        "exclude": Array [
          /node_modules/,
        ],
        "loader": "url-loader",
        "options": Object {
          "limit": 25000,
          "name": "[name].[ext]",
          "outputPath": "",
          "publicPath": "/static",
        },
        "test": /\\\\\\.\\(eot\\|md\\|svg\\|ico\\|jpg\\|jpeg\\|png\\|gif\\|ttf\\|woff\\|woff2\\|pdf\\|mp4\\|web\\|wav\\|mp3\\|m4a\\|aac\\|oga\\)\\$/i,
      },
      Object {
        "test": /\\\\\\.\\(woff\\(2\\)\\?\\|ttf\\|eot\\|svg\\)\\(\\\\\\?v=\\\\d\\+\\\\\\.\\\\d\\+\\\\\\.\\\\d\\+\\)\\?\\$/,
        "use": Array [
          Object {
            "loader": "file-loader",
            "options": Object {
              "name": "[name].[ext]",
              "outputPath": "",
            },
          },
        ],
      },
      Object {
        "test": /\\\\\\.\\(css\\|sass\\|scss\\|less\\)\\$/i,
        "use": Array [
          "/Users/atanasster/component-controls/node_modules/extract-css-chunks-webpack-plugin/dist/loader.js",
          Object {
            "loader": "css-loader",
            "options": Object {
              "sourceMap": true,
            },
          },
          Object {
            "loader": "sass-loader",
            "options": Object {
              "sourceMap": true,
            },
          },
          Object {
            "loader": "less-loader",
            "options": Object {
              "sourceMap": true,
            },
          },
        ],
      },
      Object {
        "test": /\\\\\\.txt\\$/i,
        "use": Array [
          Object {
            "loader": "raw-loader",
            "options": Object {},
          },
        ],
      },
      Object {
        "enforce": "pre",
        "exclude": Array [
          /node_modules/,
          /node_modules/,
        ],
        "loader": "@component-controls/loader/loader",
        "options": Object {
          "mdx": Object {
            "transformMDX": true,
          },
          "propsLoaders": Array [
            Object {
              "name": "@component-controls/react-docgen-info",
              "test": /\\\\\\.\\(js\\|jsx\\)\\$/,
            },
            Object {
              "name": "@component-controls/react-docgen-typescript-info",
              "test": /\\\\\\.\\(ts\\|tsx\\)\\$/,
            },
          ],
        },
        "test": /\\\\\\.\\(md\\|mdx\\)\\$/i,
      },
      Object {
        "enforce": "pre",
        "exclude": Array [
          /node_modules/,
          /node_modules/,
        ],
        "loader": "@component-controls/loader/loader",
        "options": Object {
          "propsLoaders": Array [
            Object {
              "name": "@component-controls/react-docgen-info",
              "test": /\\\\\\.\\(js\\|jsx\\)\\$/,
            },
            Object {
              "name": "@component-controls/react-docgen-typescript-info",
              "test": /\\\\\\.\\(ts\\|tsx\\)\\$/,
            },
          ],
        },
        "test": /\\\\\\.\\(story\\|stories\\|doc\\|docs\\)\\.\\(js\\|jsx\\|ts\\|tsx\\)\\$/,
      },
    ],
  },
  "optimization": Object {
    "minimizer": Array [],
  },
  "performance": Object {
    "hints": false,
  },
  "plugins": Array [
    ExtractCssChunksPlugin {
      "options": Object {
        "chunkFilename": "[id].component-controls.css",
        "filename": "component-controls.css",
        "ignoreOrder": false,
        "insert": null,
        "moduleFilename": [Function],
      },
    },
  ],
  "resolve": Object {
    "extensions": Array [
      ".ts",
      ".tsx",
      ".js",
      ".jsx",
    ],
  },
}
`;
