// Jest Snapshot v1, https://goo.gl/fbAQLP

exports[`Catalog overview snapshot 1`] = `
<DocumentFragment>
  <div
    class="css-vurnku"
  >
    <div
      class="css-3bvl02-ComponentFilter"
    >
      <div
        style="display: inline-block;"
      >
        <div
          class="css-nnvwbb-SearchInput"
        >
          <input
            aria-label="type some text to start searching"
            class="css-1rimw92-ComponentFilter"
            placeholder="search..."
            value=""
          />
          <svg
            aria-hidden="true"
            class="css-1f2hmcd-SearchInput"
            fill="currentColor"
            height="16"
            role="img"
            style="display: inline-block; user-select: none; vertical-align: text-bottom;"
            viewBox="0 0 16 16"
            width="16"
          >
            <path
              d="M11.5 7a4.499 4.499 0 11-8.998 0A4.499 4.499 0 0111.5 7zm-.82 4.74a6 6 0 111.06-1.06l3.04 3.04a.75.75 0 11-1.06 1.06l-3.04-3.04z"
              fill-rule="evenodd"
            />
          </svg>
        </div>
      </div>
      <div
        class="css-1rkktkn-ComponentFilter"
      >
        <div
          class="css-1pwn4pj-ComponentFilter"
        >
          sort by:
        </div>
        <div
          class="css-4cffwv"
        >
          <select
            aria-label="select sorting order"
            class="css-e7xs09-ComponentFilter"
          >
            <option
              value="name"
            >
              Component name
            </option>
            <option
              value="date_created_asc"
            >
              Oldest created
            </option>
            <option
              value="date_created_desc"
            >
              Newest created
            </option>
            <option
              value="date_modified_asc"
            >
              Oldest updated
            </option>
            <option
              value="date_modified_desc"
            >
              Newest updated
            </option>
            <option
              value="size_asc"
            >
              Smallest size
            </option>
            <option
              value="size_desc"
            >
              Largest size
            </option>
            <option
              value="commits_desc"
            >
              Most commits
            </option>
            <option
              value="commits_asc"
            >
              Least commits
            </option>
            <option
              value="comments_desc"
            >
              Most commented
            </option>
            <option
              value="comments_asc"
            >
              Least commented
            </option>
            <option
              value="passing_desc"
            >
              Most passing tests
            </option>
            <option
              value="passing_asc"
            >
              Least passing tests
            </option>
            <option
              value="failed_desc"
            >
              Most failed tests
            </option>
            <option
              value="failed_asc"
            >
              Least failed tests
            </option>
            <option
              value="coverage_desc"
            >
              Highest tests coverage
            </option>
            <option
              value="coverage_asc"
            >
              Lowest tests coverage
            </option>
          </select>
          <svg
            class="css-1swud1q"
            fill="currentcolor"
            height="24"
            viewBox="0 0 24 24"
            width="24"
            xmlns="http://www.w3.org/2000/svg"
          >
            <path
              d="M7 10l5 5 5-5z"
            />
          </svg>
        </div>
      </div>
    </div>
    <div>
      <div
        class="css-vc9b9i"
      >
        <div
          class="css-fo5v1-ComponentList"
        >
          <div
            class="css-wh7vml"
          >
            <div
              class="css-nj7jql-ComponentCard"
            >
              <a
                class="css-1t54e2w"
                href="/docs/id-of-story"
              >
                <div
                  class="css-kbmfeb-ComponentCard"
                >
                  Story
                </div>
              </a>
              <div
                class="css-10zcph3-ComponentCard"
              />
            </div>
            <div
              class="css-18hcion-ComponentCard"
            >
              <div
                class="css-14a8v30-PackageLink"
              >
                <a
                  class="css-1t54e2w"
                  href="https://npmjs.com/package/@component-controls/blocks/v/1.0.3"
                  rel="noopener noreferrer"
                  target="_blank"
                >
                  <div
                    class="css-13b120i-PackageLink"
                  >
                    @component-controls/blocks
                  </div>
                </a>
                <span
                  class="css-n8ts03-PackageLink"
                >
                  <span
                    class="css-vurnku"
                  >
                    1.0.3
                  </span>
                </span>
              </div>
            </div>
            <div
              class="css-1akfoys-ComponentCard"
            />
            <p>
              description of story
            </p>
            <div
              class="css-k8h5so-ComponentCard"
            >
              <div
                class="css-nxqmcg-ComponentCard"
                data-testid="story"
                id="id-of-story"
              >
                <div
                  class="story-render-container css-dhmrnb"
                >
                  <h2
                    class="css-229nmx"
                  >
                    Components
                  </h2>
                </div>
              </div>
            </div>
          </div>
        </div>
      </div>
    </div>
  </div>
</DocumentFragment>
`;
