// Jest Snapshot v1, https://goo.gl/fbAQLP

exports[`Title overview 1`] = `
<DocumentFragment>
  <div
    class="css-cwbyoi-Title"
  >
    <h1
      class="css-ymxumn"
    >
      Story
    </h1>
  </div>
</DocumentFragment>
`;
