// Jest Snapshot v1, https://goo.gl/fbAQLP

exports[`Multiselect overview snapshot 1`] = `
<DocumentFragment>
  <div
    style="display: inline-block;"
  >
    <button
      class="css-97huhz"
    >
      open
    </button>
  </div>
</DocumentFragment>
`;
