// Jest Snapshot v1, https://goo.gl/fbAQLP

exports[`FilesEditor overview snapshot 1`] = `
<DocumentFragment>
  .emotion-0 {
  box-sizing: border-box;
  margin: 0;
  min-width: 0;
  display: block;
  width: 100%;
  padding: 8px;
  -webkit-appearance: none;
  -moz-appearance: none;
  -ms-appearance: none;
  appearance: none;
  font-size: inherit;
  line-height: inherit;
  border: 1px solid;
  border-radius: 4px;
  color: inherit;
  background-color: transparent;
}

<input
    accept="image/*"
    class="emotion-0"
    multiple=""
    name="prop"
    placeholder="select files"
    type="file"
  />
  <img
    alt="files editor"
    src="data:image/png;base64,iVBORw0KGgoAAAANSUhEUgAAABAAAAAQCAQAAAC1+jfqAAAABGdBTUEAALGPC/xhBQAAACBjSFJNAAB6JgAAgIQAAPoAAACA6AAAdTAAAOpgAAA6mAAAF3CculE8AAAAAmJLR0QA/4ePzL8AAAAHdElNRQfiARwMCyEWcOFPAAAAP0lEQVQoz8WQMQoAIAwDL/7/z3GwghSp4KDZyiUpBMCYUgd8rehtH16/l3XewgU2KAzapjXBbNFaPS6lDMlKB6OiDv3iAH1OAAAAJXRFWHRkYXRlOmNyZWF0ZQAyMDE4LTAxLTI4VDEyOjExOjMzLTA3OjAwlAHQBgAAACV0RVh0ZGF0ZTptb2RpZnkAMjAxOC0wMS0yOFQxMjoxMTozMy0wNzowMOVcaLoAAAAASUVORK5CYII="
  />
</DocumentFragment>
`;
