// Jest Snapshot v1, https://goo.gl/fbAQLP

exports[`DocumentsList overview snapshot 1`] = `
<DocumentFragment>
  .emotion-0 {
  box-sizing: border-box;
  margin: 0;
  min-width: 0;
}

.emotion-1 {
  box-sizing: border-box;
  margin: 0;
  min-width: 0;
  display: -webkit-box;
  display: -webkit-flex;
  display: -ms-flexbox;
  display: flex;
  -webkit-flex-direction: row;
  -ms-flex-direction: row;
  flex-direction: row;
  -webkit-align-items: center;
  -webkit-box-align: center;
  -ms-flex-align: center;
  align-items: center;
  padding-bottom: 16px;
}

.emotion-2 {
  box-sizing: border-box;
  margin: 0;
  min-width: 0;
  width: 100%;
  display: -webkit-box;
  display: -webkit-flex;
  display: -ms-flexbox;
  display: flex;
  width: unset;
  padding-right: 8px;
}

.emotion-3 {
  box-sizing: border-box;
  margin: 0;
  min-width: 0;
  display: -webkit-box;
  display: -webkit-flex;
  display: -ms-flexbox;
  display: flex;
}

.emotion-4 {
  box-sizing: border-box;
  margin: 0;
  min-width: 0;
  display: block;
  width: 100%;
  padding: 8px;
  -webkit-appearance: none;
  -moz-appearance: none;
  -ms-appearance: none;
  appearance: none;
  font-size: inherit;
  line-height: inherit;
  border: 1px solid;
  border-radius: 4px;
  color: inherit;
  background-color: transparent;
  min-width: 300px;
}

.emotion-5 {
  box-sizing: border-box;
  margin: 0;
  min-width: 0;
  margin-left: -28px;
  -webkit-align-self: center;
  -ms-flex-item-align: center;
  align-self: center;
  pointer-events: none;
}

.emotion-6 {
  box-sizing: border-box;
  margin: 0;
  min-width: 0;
  list-style: none;
  padding: 0;
}

<div
    class="emotion-0"
  >
    <div
      class="emotion-1"
    >
      <label
        class="emotion-2"
        for="sortorder"
      >
        Sort by:
      </label>
      <div
        class="emotion-3"
      >
        <select
          aria-label="select sort order"
          class="emotion-4"
          name="sortorder"
        >
          <option
            value="date"
          >
            By date created
          </option>
          <option
            value="dateModified"
          >
            By last updated
          </option>
          <option
            value="title"
          >
            By title
          </option>
        </select>
        <svg
          class="emotion-5"
          fill="currentcolor"
          height="24"
          viewBox="0 0 24 24"
          width="24"
          xmlns="http://www.w3.org/2000/svg"
        >
          <path
            d="M7 10l5 5 5-5z"
          />
        </svg>
      </div>
    </div>
    <ul
      class="emotion-6"
    />
  </div>
</DocumentFragment>
`;
