// Jest Snapshot v1, https://goo.gl/fbAQLP

exports[`CommitsPopover overview snapshot 1`] = `
<DocumentFragment>
  .emotion-0 {
  box-sizing: border-box;
  margin: 0;
  min-width: 0;
}

.emotion-0:hover {
  cursor: pointer;
}

.emotion-1 {
  box-sizing: border-box;
  margin: 0;
  min-width: 0;
}

.emotion-2 {
  box-sizing: border-box;
  margin: 0;
  min-width: 0;
  font-size: 12px;
  margin-right: 4px;
  line-height: heading;
  -webkit-text-decoration: underline;
  text-decoration: underline;
}

<div
    style="display: inline-block;"
  >
    <a
      class="emotion-0"
    >
      <div
        class="emotion-1"
      >
        <div
          class="emotion-2"
        >
          commits:
        </div>
        <span
          class="emotion-1"
        >
          12
        </span>
      </div>
    </a>
  </div>
</DocumentFragment>
`;
