// Jest Snapshot v1, https://goo.gl/fbAQLP

exports[`Pagination overview snapshot 1`] = `
<DocumentFragment>
  .emotion-0 {
  box-sizing: border-box;
  margin: 0;
  min-width: 0;
  display: -webkit-box;
  display: -webkit-flex;
  display: -ms-flexbox;
  display: flex;
  -webkit-flex-direction: row;
  -ms-flex-direction: row;
  flex-direction: row;
  -webkit-box-pack: justify;
  -webkit-justify-content: space-between;
  justify-content: space-between;
  padding: 8px;
}

.emotion-1 {
  box-sizing: border-box;
  margin: 0;
  min-width: 0;
}

.emotion-3 {
  box-sizing: border-box;
  margin: 0;
  min-width: 0;
  -webkit-text-decoration: none;
  text-decoration: none;
}

.emotion-4 {
  box-sizing: border-box;
  margin: 0;
  min-width: 0;
  display: -webkit-box;
  display: -webkit-flex;
  display: -ms-flexbox;
  display: flex;
  -webkit-align-items: flex-end;
  -webkit-box-align: flex-end;
  -ms-flex-align: flex-end;
  align-items: flex-end;
  -webkit-flex-direction: column;
  -ms-flex-direction: column;
  flex-direction: column;
  padding-top: 8px;
  padding-bottom: 8px;
}

.emotion-5 {
  box-sizing: border-box;
  margin: 0;
  min-width: 0;
  font-size: 14px;
  color: #69768C;
  padding-bottom: 8px;
}

.emotion-6 {
  box-sizing: border-box;
  margin: 0;
  min-width: 0;
  display: -webkit-box;
  display: -webkit-flex;
  display: -ms-flexbox;
  display: flex;
  -webkit-flex-direction: row;
  -ms-flex-direction: row;
  flex-direction: row;
  -webkit-align-items: center;
  -webkit-box-align: center;
  -ms-flex-align: center;
  align-items: center;
  font-size: 20px;
  color: #5c6ac4;
  font-weight: 700;
}

.emotion-7 {
  box-sizing: border-box;
  margin: 0;
  min-width: 0;
  padding-left: 16px;
  padding-right: 16px;
  white-space: nowrap;
  text-overflow: ellipsis;
  overflow: hidden;
  max-width: 300px;
}

<div
    class="emotion-0"
  >
    <div
      class="emotion-1"
    />
    <div
      class="emotion-1"
    >
      <a
        class="emotion-3"
        href="/docs/mdx-story"
      >
        <div
          class="emotion-4"
        >
          <span
            class="emotion-5"
          >
            Next
          </span>
          <div
            class="emotion-6"
          >
            <span
              class="emotion-7"
            >
              MDX Story
            </span>
            <svg
              aria-hidden="true"
              class="octicon"
              fill="currentColor"
              height="16"
              role="img"
              style="display: inline-block; user-select: none; vertical-align: text-bottom;"
              viewBox="0 0 16 16"
              width="16"
            >
              <path
                d="M8.22 2.97a.75.75 0 011.06 0l4.25 4.25a.75.75 0 010 1.06l-4.25 4.25a.75.75 0 01-1.06-1.06l2.97-2.97H3.75a.75.75 0 010-1.5h7.44L8.22 4.03a.75.75 0 010-1.06z"
                fill-rule="evenodd"
              />
            </svg>
          </div>
        </div>
      </a>
    </div>
  </div>
</DocumentFragment>
`;
