// Jest Snapshot v1, https://goo.gl/fbAQLP

exports[`ComponentUsageList overview snapshot 1`] = `
<DocumentFragment>
  .emotion-0 {
  box-sizing: border-box;
  margin: 0;
  min-width: 0;
  position: relative;
  margin-top: 32px;
  margin-bottom: 32px;
  width: 100%;
  scroll-margin-top: 5rem;
}

.emotion-1 {
  box-sizing: border-box;
  margin: 0;
  min-width: 0;
  width: 100%;
  scroll-margin-top: 5rem;
}

.emotion-2 {
  box-sizing: border-box;
  margin: 0;
  min-width: 0;
  position: relative;
  display: -webkit-box;
  display: -webkit-flex;
  display: -ms-flexbox;
  display: flex;
  -webkit-flex-direction: row;
  -ms-flex-direction: row;
  flex-direction: row;
  -webkit-align-items: center;
  -webkit-box-align: center;
  -ms-flex-align: center;
  align-items: center;
}

.emotion-2:hover a {
  visibility: visible;
}

.emotion-3 {
  box-sizing: border-box;
  margin: 0;
  min-width: 0;
  position: absolute;
  margin: auto;
  top: 0;
  bottom: 0;
  height: 32px;
  visibility: hidden;
  padding-right: 4px;
  left: -22px;
}

.emotion-3:hover {
  visibility: visible;
}

.emotion-4 {
  box-sizing: border-box;
  margin: 0;
  min-width: 0;
  font-family: medium-content-title-font,Georgia,Cambria,"Times New Roman",Times,serif;
  font-weight: 600;
  line-height: 1.25;
  font-family: medium-content-title-font,Georgia,Cambria,"Times New Roman",Times,serif;
  line-height: 1.25;
  font-weight: 600;
  margin-top: 16px;
  margin-bottom: 16px;
  margin-top: 0;
  margin-bottom: 0;
  padding-top: 4px;
  padding-bottom: 4px;
}

.emotion-5 {
  box-sizing: border-box;
  margin: 0;
  min-width: 0;
  -webkit-flex-direction: row;
  -ms-flex-direction: row;
  flex-direction: row;
  -webkit-align-items: center;
  -webkit-box-align: center;
  -ms-flex-align: center;
  align-items: center;
  display: -webkit-box;
  display: -webkit-flex;
  display: -ms-flexbox;
  display: flex;
}

.emotion-6 {
  box-sizing: border-box;
  margin: 0;
  min-width: 0;
  color: #5c6ac4;
  -webkit-transition: all 0.3s ease-in-out;
  transition: all 0.3s ease-in-out;
  cursor: pointer;
}

.emotion-7 {
  box-sizing: border-box;
  margin: 0;
  min-width: 0;
  margin-left: 8px;
  padding-bottom: 8px;
}

.emotion-8 {
  box-sizing: border-box;
  margin: 0;
  min-width: 0;
  box-shadow: 0px 1px 3px 0px rgba(0, 0, 0, 0.1);
  border: 1px solid rgba(0, 0, 0, 0.1);
  -webkit-flex-direction: row;
  -ms-flex-direction: row;
  flex-direction: row;
  -webkit-align-items: center;
  -webkit-box-align: center;
  -ms-flex-align: center;
  align-items: center;
}

.emotion-8:hover a {
  visibility: visible;
}

.emotion-9 {
  box-sizing: border-box;
  margin: 0;
  min-width: 0;
  margin: 0;
  border-collapse: collapse;
  font-size: 14px;
  line-height: 20px;
  text-align: left;
  width: 100%;
  border-spacing: 0;
}

.emotion-9 p {
  margin: 0;
}

.emotion-9 pre {
  white-space: pre-wrap;
  word-wrap: break-word;
  max-width: 240px;
  background-color: inherit;
  margin-top: 8px;
  margin-bottom: 0;
}

.emotion-9 a {
  word-break: break-word;
}

.emotion-10 {
  box-sizing: border-box;
  margin: 0;
  min-width: 0;
  border-bottom: 2px solid rgba(0, 0, 0, 0.1);
  background-color: #ffffff;
  color: #454f5b;
}

.emotion-11 {
  box-sizing: border-box;
  margin: 0;
  min-width: 0;
}

.emotion-12 {
  box-sizing: border-box;
  margin: 0;
  min-width: 0;
  border: none;
  padding-top: 16px;
  padding-bottom: 16px;
  padding-right: 8px;
  padding-left: 16px;
}

.emotion-13 {
  box-sizing: border-box;
  margin: 0;
  min-width: 0;
  display: -webkit-box;
  display: -webkit-flex;
  display: -ms-flexbox;
  display: flex;
  -webkit-flex-direction: row;
  -ms-flex-direction: row;
  flex-direction: row;
  -webkit-align-items: center;
  -webkit-box-align: center;
  -ms-flex-align: center;
  align-items: center;
}

.emotion-14 {
  box-sizing: border-box;
  margin: 0;
  min-width: 0;
  margin-right: 4px;
  -webkit-flex: 1;
  -ms-flex: 1;
  flex: 1;
}

.emotion-18 {
  box-sizing: border-box;
  margin: 0;
  min-width: 0;
}

.emotion-18 tr:last-of-type {
  border-bottom: 0;
}

.emotion-19 {
  box-sizing: border-box;
  margin: 0;
  min-width: 0;
  border-bottom: 1px solid rgba(0, 0, 0, 0.1);
}

.emotion-20 {
  box-sizing: border-box;
  margin: 0;
  min-width: 0;
  padding-top: 8px;
  padding-bottom: 8px;
  padding-left: 16px;
  padding-right: 16px;
  border-bottom: 0;
}

.emotion-21 {
  box-sizing: border-box;
  margin: 0;
  min-width: 0;
  display: inline-block;
  padding-left: 4px;
  padding-right: 4px;
  border-radius: 5px;
  white-space: nowrap;
  background-color: rgba(0,128,0,0.15);
  border: 1px solid green;
  margin-right: 4px;
  margin-top: 2px;
  margin-bottom: 2px;
  display: inline-block;
  padding-left: 4px;
  padding-right: 4px;
  white-space: nowrap;
  font-size: 14px;
  line-height: 1.2rem;
}

.emotion-23 {
  box-sizing: border-box;
  margin: 0;
  min-width: 0;
  color: #5c6ac4;
  -webkit-transition: all 0.3s ease-in-out;
  transition: all 0.3s ease-in-out;
}

.emotion-25 {
  box-sizing: border-box;
  margin: 0;
  min-width: 0;
  display: -webkit-box;
  display: -webkit-flex;
  display: -ms-flexbox;
  display: flex;
  -webkit-flex-direction: column;
  -ms-flex-direction: column;
  flex-direction: column;
  -webkit-align-items: center;
  -webkit-box-align: center;
  -ms-flex-align: center;
  align-items: center;
}

.emotion-26 {
  box-sizing: border-box;
  margin: 0;
  min-width: 0;
  display: block;
  width: 100%;
  height: 4px;
  margin: 0;
  padding: 0;
  overflow: hidden;
  -webkit-appearance: none;
  -moz-appearance: none;
  -ms-appearance: none;
  appearance: none;
  color: #5c6ac4;
  background-color: #f6f6f6;
  border-radius: 9999px;
  border: none;
  color: #f49342;
}

.emotion-26::-webkit-progress-bar {
  background-color: transparent;
}

.emotion-26::-webkit-progress-value {
  background-color: currentcolor;
}

.emotion-26::-moz-progress-bar {
  background-color: currentcolor;
}

.emotion-27 {
  box-sizing: border-box;
  margin: 0;
  min-width: 0;
  font-size: 12px;
}

<div
    class="emotion-0"
  >
    <div
      class="emotion-1"
      id="attribute-button"
    >
      <div
        class="emotion-2"
      >
        <a
          aria-label="navigate to Button section"
          class="emotion-3"
          data-id="attribute-button"
          data-level="3"
          data-title="Button"
          href="http://localhost/#attribute-button"
        >
          <svg
            aria-hidden="true"
            class="octicon"
            fill="currentColor"
            height="18"
            role="img"
            style="display: inline-block; user-select: none; vertical-align: middle;"
            viewBox="0 0 16 16"
            width="18"
          >
            <path
              d="M7.775 3.275a.75.75 0 001.06 1.06l1.25-1.25a2 2 0 112.83 2.83l-2.5 2.5a2 2 0 01-2.83 0 .75.75 0 00-1.06 1.06 3.5 3.5 0 004.95 0l2.5-2.5a3.5 3.5 0 00-4.95-4.95l-1.25 1.25zm-4.69 9.64a2 2 0 010-2.83l2.5-2.5a2 2 0 012.83 0 .75.75 0 001.06-1.06 3.5 3.5 0 00-4.95 0l-2.5 2.5a3.5 3.5 0 004.95 4.95l1.25-1.25a.75.75 0 00-1.06-1.06l-1.25 1.25a2 2 0 01-2.83 0z"
              fill-rule="evenodd"
            />
          </svg>
        </a>
        <h3
          class="emotion-4"
        >
          <div
            class="emotion-5"
          >
            Button
            <a
              aria-expanded="true"
              class="emotion-6"
            >
              <span
                class="emotion-7"
              >
                <svg
                  aria-hidden="true"
                  class="octicon"
                  fill="currentColor"
                  height="16"
                  role="img"
                  style="display: inline-block; user-select: none; vertical-align: middle;"
                  viewBox="0 0 16 16"
                  width="16"
                >
                  <path
                    d="M12.78 6.22a.75.75 0 010 1.06l-4.25 4.25a.75.75 0 01-1.06 0L3.22 7.28a.75.75 0 011.06-1.06L8 9.94l3.72-3.72a.75.75 0 011.06 0z"
                    fill-rule="evenodd"
                  />
                </svg>
              </span>
            </a>
          </div>
        </h3>
      </div>
    </div>
    <div
      aria-hidden="false"
      class="rah-static rah-static--height-auto"
      style="height: auto; overflow: visible;"
    >
      <div>
        <div
          class="emotion-8"
        >
          <table
            class="emotion-9"
            role="table"
          >
            <thead
              class="emotion-10"
            >
              <tr
                class="emotion-11"
                role="row"
              >
                <th
                  class="emotion-12"
                  colspan="1"
                  role="columnheader"
                  style="width: 150px; cursor: pointer;"
                  title="Toggle SortBy"
                >
                  <div
                    class="emotion-13"
                  >
                    <div
                      class="emotion-14"
                    >
                      component
                    </div>
                  </div>
                </th>
                <th
                  class="emotion-12"
                  colspan="1"
                  role="columnheader"
                  style="width: 150px; cursor: pointer;"
                  title="Toggle SortBy"
                >
                  <div
                    class="emotion-13"
                  >
                    <div
                      class="emotion-14"
                    >
                      #used
                    </div>
                    <svg
                      aria-hidden="true"
                      class="octicon"
                      fill="currentColor"
                      height="16"
                      role="img"
                      style="display: inline-block; user-select: none; vertical-align: text-bottom;"
                      viewBox="0 0 16 16"
                      width="16"
                    >
                      <path
                        d="M4.427 7.427l3.396 3.396a.25.25 0 00.354 0l3.396-3.396A.25.25 0 0011.396 7H4.604a.25.25 0 00-.177.427z"
                      />
                    </svg>
                  </div>
                </th>
              </tr>
            </thead>
            <tbody
              class="emotion-18"
              role="rowgroup"
            >
              <tr
                class="emotion-19"
                role="row"
              >
                <td
                  class="emotion-20"
                  role="cell"
                  style="width: 150px;"
                >
                  <span
                    class="emotion-21"
                  >
                    <span
                      class="emotion-11"
                    >
                      <a
                        class="emotion-23"
                        href="/docs/id-of-story"
                      >
                        ArrowButton
                      </a>
                    </span>
                  </span>
                </td>
                <td
                  class="emotion-20"
                  role="cell"
                  style="width: 150px;"
                >
                  <div
                    class="emotion-25"
                  >
                    <progress
                      class="emotion-26"
                      max="1"
                      value="1"
                    />
                    <span
                      class="emotion-27"
                    >
                      1
                    </span>
                  </div>
                </td>
              </tr>
            </tbody>
          </table>
        </div>
      </div>
    </div>
  </div>
</DocumentFragment>
`;
