// Jest Snapshot v1, https://goo.gl/fbAQLP

exports[`App overview 1`] = `
<DocumentFragment>
  <section
    aria-label="skip tab order to linked items"
    class="css-7x1h4p"
  >
    <div
      class="css-vurnku"
    >
      <a
        data-skip-link="true"
        href="#content"
      >
        skip to main content
      </a>
    </div>
    <div
      class="css-vurnku"
    >
      <a
        data-skip-link="true"
        href="#sidebar"
      >
        skip to navigation sidebar
      </a>
    </div>
    <div
      class="css-vurnku"
    >
      <a
        data-skip-link="true"
        href="#contextbar"
      >
        skip to context sidebar
      </a>
    </div>
  </section>
  <div
    class="css-18pgspc"
  >
    <header
      class="css-10bhldn"
    >
      <div
        class="css-1995r1v"
      >
        <div
          class="css-vurnku"
        >
          <div
            class="css-f5h6sg"
          >
            <div
              class="css-1rw838x"
            >
              <a
                aria-label="Component controls"
                class="css-1vsogol-LogoLink"
                href="/"
              >
                <img
                  alt="Component controls stories. Write your components documentation with MDX and JSX. Design, develop, test and review in a single site."
                  class="css-6hc6tb"
                  src="data:image/png;base64,iVBORw0KGgoAAAANSUhEUgAAAI8AAAAeCAYAAAAVWU11AAAAAXNSR0IArs4c6QAAAJZlWElmTU0AKgAAAAgABQESAAMAAAABAAEAAAEaAAUAAAABAAAASgEbAAUAAAABAAAAUgExAAIAAAARAAAAWodpAAQAAAABAAAAbAAAAAAAAAEsAAAAAQAAASwAAAABQWRvYmUgSW1hZ2VSZWFkeQAAAAOgAQADAAAAAQABAACgAgAEAAAAAQAAAI+gAwAEAAAAAQAAAB4AAAAAjXGErgAAAAlwSFlzAAAuIwAALiMBeKU/dgAAActpVFh0WE1MOmNvbS5hZG9iZS54bXAAAAAAADx4OnhtcG1ldGEgeG1sbnM6eD0iYWRvYmU6bnM6bWV0YS8iIHg6eG1wdGs9IlhNUCBDb3JlIDUuNC4wIj4KICAgPHJkZjpSREYgeG1sbnM6cmRmPSJodHRwOi8vd3d3LnczLm9yZy8xOTk5LzAyLzIyLXJkZi1zeW50YXgtbnMjIj4KICAgICAgPHJkZjpEZXNjcmlwdGlvbiByZGY6YWJvdXQ9IiIKICAgICAgICAgICAgeG1sbnM6eG1wPSJodHRwOi8vbnMuYWRvYmUuY29tL3hhcC8xLjAvIgogICAgICAgICAgICB4bWxuczp0aWZmPSJodHRwOi8vbnMuYWRvYmUuY29tL3RpZmYvMS4wLyI+CiAgICAgICAgIDx4bXA6Q3JlYXRvclRvb2w+QWRvYmUgSW1hZ2VSZWFkeTwveG1wOkNyZWF0b3JUb29sPgogICAgICAgICA8dGlmZjpPcmllbnRhdGlvbj4xPC90aWZmOk9yaWVudGF0aW9uPgogICAgICA8L3JkZjpEZXNjcmlwdGlvbj4KICAgPC9yZGY6UkRGPgo8L3g6eG1wbWV0YT4KKS7NPQAAHiFJREFUeAHtW3l4FdXZP2dm7pKb7S7sIqKlthC3FqtCIYkWqUtd26hVsagVqhASVBBIkEETUIoCIVpFn7pVbYlWRQtuhSQgqEhFbXBfsMiau2S5ucvcmfP93nPvXK4R3J7vD9vH83AzM2d9z/v+zrvNwNkBihCMc84ENXXoo/xW0jHBciqPB/TmHaGa0n1ofdZf1zIhVFM2kzHxU9+Q6AQ+eYthT5U73q77/vq/xwGl95aErisEnL0zygdQmzBcR3j7epYqhvmbTN98Zomi9L24FNczCTjBOWWnAkwrdl8/Pp/Gi5UVaqb/95f/UQ5kwQM1w0VFhcp13QrWlJ/kyWO7gjWlF3rrm18LtffsFpxflOFBBD2d6XtRgnGP073CxWKXxq9yFSQd9MwvaDLp+n357+UAKQChl2sH24EEDwGHQ8nwprTA/fu6tiRMaxcUyIM0EDbsoSKnduK+mT8vxOM+zri6s2b0Yb5CtwLjtrp99pgTvYG8YxIps9KnN0dCc0rvCtaMvY3GrvuSxan9+/Ld5IDEBBQA15tTB6MwrXn0cmli4M/8BYLfyFdsMRTFOt3n9zjDtWW3KynzLjXfwTSHej6gZFiMDXYz9XTmVJhpKf9SFOX2cDAW89evbwzWlF3r65c/GYAbTIuejMWFzrIa7mCEfF//3eGArUw6a0pHh2pLzziYC6JI5zaDLi7Y+75A3iiA6HXfzRveACBu9Xrd05nKfxIOxf4N01UCbbQcmqcRv1gkGHvCqYpTfP0LRkN1XRSaM/ZMf1/PbeF90af9da0XEmjCs8qHch1eEpzw3uwhIqmerr3bvur564z7On0OtI5N14Havqzu246jOb8NrTnrfSP+5Yw78HZ0Xc5nctboUpR/7Hm1w23TmDtAOsfdc37Rf29t6Q99C1rnd4R6fuPzuo8DgN5XFHZ3JBz7BPI9zl/ferTv3X6zffWtD/jrW+6kK37nW8J6ObKn6ybLEv18xe5nQnuj/0Tfs4Ozy0aFjbEfCdXaKipPd0knmsBCP5gy6ZiTqQQaQal0sA9mX8kXo/5yAzQ2Ew3KcQBo7jgphIyptOdeifEHMp9EC9VLmmy6aO4MXdn1vkRz0gGh9WmOL4zDurnMtu+za9LB6UUr7dOus/vnXu390bo56wk55wGCFDlfpl72Ib/2S/ZH8zPWJP0cYbFuuC89joKO9D7ml6vSDyJfSPYDZWSuxK2nCjJRRGh4TvlxqZtOEeGa0nexEYk6ewP2YB3EEzF2ffucsZUYvzU49+clGLdSLP6lwLxdUHuTX5s0UjrRvdUfgSqon1hE4LDnkZu1CbMrM9dc8ycQ1Qn9LI/dRQqxF/PIR/vP9FF52T6560DYdn3vK827Vy8vyK0HH7J7tet719E41B10HAHMHtv7+gVaCUS9+vfm38eQDY3LChKTrsuhM7c+d6zQS5zE91wa5AHttR5k1wxZxnP75d7LzYTmlB/FuVXnLXadY8ZN1pVMVWPhds5F1Fe3/kkp3JVNFp3k3MF0LwUaPN3Bl69JdEB7uTTlPaeqsEgsVe9zKnVwuOTixGhyvmhD4dqxk4Xgl2G+o0GAB5OGMdMmnN0/wdyttuclc0f3odqyh4QltgYWtN5GIIW6vAbVwzCOnLmt2PPtgfqWJuqLddzhlFULXYY0gvS74ljjVYtbiwJ1G54lepvaKhAMNpnB2WNHwDe7S3Mqk4r05ndgdmdAFV4OFfcDTMWx+CcY+3jCErcPXLh+HwmGfDhax77frY/u5zTUKnQ/D6v/AHpUBUR2wqw/pwm+rHBB879t0NN+onPGDkxy5RHLYnMCC1s2BeeULgYfLsDYQzBHDBx+DXxf4qtf/xStQwACDVIzUwQr7h7pCG33TAUPLkXbCLS50K0d6nudyvni4ptbNtMBbGprS++xpvR69CHLcWl49tgyoTAdU/4MU+Zh5h2Qx5NJS9TR/mi9YG35adyybsQe2vE4Bv2KMX6tYEpKMEHajvbvBUULeGTWGJ/3lg0QHgbOLB/MnWIh/J5LQ8HYzYG6lhulyQEwqP2rCgEkYlizVIe1skjf8B71J60zMnyERZFcUMf8hrXa5887Gj4U1mebwJkwBHhIgVM5VnM7WLgz/ggAdAmNJaChXcCJj2Mzr4DwD7wBzxXhYM/HaH4bzPPnO9STXHDmQ+G4biTdix3O+Ht+r2tQuCPxDvp8iDH9i9za8YqmsFB3Ynqgfv1S0QAzOm1NIjyn7GRvH/faUCg+iQvrYl/AUx5uj+3AWtswN6n343y+vEA4HOvhXDnTV9fcbJ9gEmSktnS8JdhT6OOORGIh3G/FGAMS/5GvyDXUTJqsI2FeB2DfLsAHCkTaa0uHB4rd2yId8dtwgMb5vK5jQ5FYG8C2HWP7Fbq041WXSnxYgACkhoDARrRxWm/PrDFHOBTlBcjnCPAvgv1twhxRgG2Yz+M4Ds8s3JOspMDF3iO0/ypUn47fXNC0MNKZSAIEGwGgBNb7qdeX1xf7a7c4K+1T1/p2sHbM5Vwofwbf94L/fowjq9CBH1iCUQAPbvpCMFfwUM3YNQVO7bRuw1yPU/Ms7Nw6ronDuZV6yVe/cbstQBr4TYoEzd1bUrQa/gnaTGRP9C1vkeuH4c7EYuFI3BzQX+m05wzXnHKYYKk7IcAzQsGeBwL1rRMl43SdzOebeZpyVCxl9eCEnReoa33eHkfazhTiBZUrh5lM7MAWi1SFj6MTaPchMww98lyBU+3XGU+VBBau30ZtdBLhOTTjNgktk4QhP9e7YP0/qY0KmMQjc0onaBp/AMBgRooP77OwmUApTbvLwV430AB/b6K3rvVBAjq1UQnVlI9hwnrY53MPgd94uW/B+vupnsCjWOz1PKfiihvWe3BKzyWhURsVsgKg9SlfofOIjk5jvHdBywtEx47po9z5+Y53AJIhwWiqCoBE4LJ/vb3Yo8atVb4C56GRaOpkAjrNB97dm+dQriTCepKW7n+/f52dksm010ImN4e7EptwaEeTvFlThUJgxaHdgD0dn0i4AwMWPx8lDSqDH9BDayO3xx+NJk1SkYfj9Nf7+3s2MotPIOCQas5lCC32VYW0Dwn9eJwyGrtl0kjpKwT3RGcgFwTgxBdBhc4g4Eg7S84X+vvq125H/ZmRYE+rv8D5u9DssrGUsGRII2DjUEoqhWxnE3CILtIAQq9wFte1vg97egUSlMgcKINxasrSqtvuU+L0LWjeyrgyWfPA9VL4b7N7wO49TpUkoFjcPJ6AQwySc2N+YhCCiAcNk51dlO9kSF8szo6Faclza8xMmWdR8EB73b8fpvjrmze4nOaoUCQehylcFrphXDGN5abgDo27YoYV4aZ1EgEnux+YJD/MnKVYFxNRliJ+L8eAjvw8x7XQ2EMAjOv61Lc0zNfhbEObtcF/eR++Yz/sEXs/G7kT9IbZzhRoGctV4GKxpLkQZn8+AYfopDWpC2ivw2F+2pfnGEWHTMp7G1J5VCgWRjHMLuk+EHBkNVagq0bMwZV+jEyYaaR+YVk8Sc8trFl2pvuvW8ivYaxZdscKnFQ1PSDMmoDQPsVSrgX0TCDjelOKSU+liX0MX+Vw+EfoPBcCboEIL0a39U1tfcW4H+3xhHqMnX2kcCnq0i1+AbCkpzchkubmHsGS2PGb2M9W8gv45Ga5LiItTNPGDI29HI8mKeH0I1qfCvwo0+nSWDRh3t23/qV3pXOtb4KP1CT3rQNI8waOVPnklqeh/jdC+51JPEqpTk+hi5WHu5Ot/oUbnqH12K4tSKghySr3g7nhqHP9pZ1Ili6CWbuxI5I8FUs+5lS5gKaHeTFWkbsAPrjBs7RfCCUmJpGi3vBquLY0hP7DiU5ZOLsEqZMOHDAZ1IA2S2dbMvJpk13okGDcZvB99HbQeRjNz7iTJVIM2vg+6pQ2n00G0Umg+yFcEsjmSeZUz2I9qcPRZesnwAWusBowiLCLrmLYURRpCebpEjgEMg2LNaPdiyYXNLAGcQxUVT6fOs9j5Yr+LQBEY2WhfAHMDr1cNQ12JHD8iv/WFzsgdKi/tONpdx3KmiVgnab1Fk4CEXgMtZFjC8HBF+Rd9EzaCI1gMMo8UKvjZHjipmrkY3rRLetfPAJM3SJvK0rwBqWpieXBMpkWNA+0jGyQd1K5EMRfosfBxS4DE0vm0DMJ6FeTpM2nx1Z3gXN0zDAPdTDLo3pcDKBtoQa2q1DYp1I+408z5pL3QtlA51UI82g8P0bOYwFRz5k02Vt2du1/jYN6e/1gDYNPwiWtYb3cKwxrAGbJw/vD13DNRqdyjcwfjKWA5CcAilrAFIr6wngFoCRTFjkqEqBs0FlYL82bYYGYXBvmXvIeZBJoWCqYl+YBQROTWt3O9DOAIzUTdULRIIm+oNAFXwLRFd8Fn4ecvg9kK069vH6DPwQMBtClwaHLkbFuruW5OQORX+l4m27DVAwwXjApaZogTQTihC8poBn90sw+WDcIA3LstSU8KsySzDvQuJGDCuUAnE5y2mlzGjgumcytg++nfESad4rA3ARr0gB2SZPwVfuhLcmisIRiMgfOOkTHJfYOCB4sQ8J+L2WJXYpDkYcNB0OGSNwBl/hghVMQRRECncv9RSqe3vza38w0OKYl9nN7zSmHKMy4DDOcB7u/ipwmu+3rXNMahc5ZsyXD+50fgUFbrP4FzhCisD3Y+o9J9UntAW7monjLzpFgCNRwwjnYW+BwhqLGx7QmTj9IkkL73Ma+Dj0H6vM5iVkmIlAHyXYE+j7O/HkkFApFs+WDYKZOgSZMmMx0qnvNlJUHR4AERdqEZftkR+FmdzcBzATkh8NmkNw/omaKq2UhPH1JoUZb2sX6phCcV7yQZngF1PLjLxmWbaLEqHygdWiyWLbpCzcAeIaWz2OSTBaoEEoBeQQoGYLSCgInKOPdI+/CzvcXq4OYpbJIV2KtDZz9gPjCmp+rsEFBmWWumgFe1/QMOph2yIg39M/4i91XhiPrLkT9o9vmlzhem+SWRI+kmSgyWwH6FF7J4IfwntSTVD2P6Yjl134Fq6nntyiaosD0kGCvgO+xkMJ3SqBt2Zmmq9jVTyGfYE/t6B/AGT8fYfC7CPV30EowpR9rCr8Qr19m+W5Z8wn5Dx2JvaTo2chBcU5z0T34XxXrSgCRxlr5zFTZh+6/ukhdIruBL094va7pkZqyCi9yWrTesMx6DAxsgqkmE2/PWVECpzfjf9lCt9u+9lUB2XBl+iLfIMfoFQ4x8CNhf7uF02GV+YpdU5EX+Ve4I34zd6h/hYL7dbim7B5ffctVX2chIABpsacJtgh8xFRfv6KL4Si+iPoaMPFVmgMh6a0dHYkrwc2Hg7WlwYC+P9yWawA4ANj1vkLXHyKR+Bs4YY9SPWkpCArWdD8jZf9ef7AWhIJuBylR1HswhSXoDUm6INJUuwEeRBpDkdRcs1MfeQ7Xt/TY7XSVKQSRWuUpcDKjM5mNYpAJrCkscj0SjsSfDuljzvTraz7NHUfCDRT33I8I6cdIPTT0r9/4IbULTSCzIDmWpSN3XPYepIKr2f2kLOuP4XC8Eu0r99WOOblv3ZrmbF95s4XBfz0bwj6GIii7DZMIGYBplLA+SIHQiL2mmcaIW4ukFbRg7yI3VBbm7GSMXI2AQJr3ztm/CCBeVLVk0n1/qCO+CubrP+T5R1LiUX+f/HND+6KvkaPLoTLpNCJiSfV2CiULKpATIMQjqqIvC+E//D28J9riVtW7PR7HONQ9azFrHkJSiiDOcTmUpzxu7TkAZS1Ifh5GKQK6B0Mj/hqMHo7k12ecaefQNkn10mnCOi6F8c+Zky+wQTA3DOF+v6JXh3w8I/vNUpaZ9aWANSsfWi4cM9Y5VD7ObeRHkc3+ExCGrBxHikCcoKnmJQUIdUMdsZugdR4jmsgJB6gfxR5G+ItctdFocjvyKQ9D+W/GODjdYrhg0QmIsorDwegzGFdFvMIeRTKRUniRm2Ql6ZBaN0MrtdtkozMsnJBWLh09rt+FpOZ4RWVrfR73Ohyo1QiFnlVUHoQ/PAi8PMNb6Dq5qzvJAOYH4XNKMIMWB+27h1EscOCCsSrTVKZqaZ9x8OFeCVo43vdaSRMJVPYPyO42HOB3kaMakOLGDSyl/Vuj5A+mjFJqHomZRV4PmNke/YPKtRcRIX0M4f+B62ktIG2djg2urFAQwDAJGhIu/JJIvHwIDstMl0MNxJLs6PybmjnejdyCpNYN4Z7Ueqzxqq+udVXX7LEleH1wC0LWswrynadIliJXH+5KxgCcRpZy1vpkRJYJ5TEQqfhdOK0HtdpmB6KBfPYZziml1LPamu7hNcm/gjktaJkOAIJC4HQdQnUF4LHixt8TFpuC4/a4z61ezRBKS98bfk2wO7kt0RGf0wevCyBwYIPC8SbwE/f1rXP31IzbCi0035+nXcIdyiVyPymTwWf7LBKK34hsb4NcjD57QYTpUBUj1IUkL+PpBGnGIa8AKMf5fMqjgwaJ5rY2qNB97UBYmtbJW1LrkNrAt1Lrds4eP9zoTi7K09SzPPnOMyTe0vxjoc7E35DumuvXN3xKSVrKtcHp6kaGJJVA7iOz7eylOXMHpMRjHXEkO/F6BKU5FJO5IH5z02a8PrkQ7nSjt9B9HfluhHpowITg1vMSjRBoX0Ph5NBuTWip0/qz8e1hYy2lpOlrr4vgVf5KtcyFRQvTrxwyazJ6uWayPEtNWg9ggaOMpFKmuazNMD2D2yOJc/oubF1FTnigv6udfAB7QzS+C++EkoY2DA5HvqqaoeIizzt8hgQyoySd7XNRX3pJ2RfhIk8Dnap6F44XhAUUsg/qZXbsjiT40PwTC3s6FGPTjsFJmQKYPfbn+IJgQ7AzMbdPRtXT1wVg0aEBrbUdgPyQz2B0uL5Ak67rGn5ZbSj0/AHB5AkIPpAeEWyXf+H6t3M1Cfoq+Fm0NxZuUvhkCgPShRxTlC8I127HleSEJCQCoiYErZmCQzssbvxsUKdVZCCY2kZpEGoiZM7XdTWXPqongDbl+EW561I6APma7twUiu3HbpxekTfKv2owgmU3DijxYwesUJJyiKCbCUrzU7aWFoFK3AE/4JBQzBiCx0l+r7sWmdKLsIM56F4H03SSyfibcHLOQ/tA2NXF/j55K/Edz0z/gvV/xPg2mKAR4VD8Bvgui2gN2j4xU0ZhGJSbIsejLDCb2nxEarq+39bbbf+fV1qHmBTKgAd5pdlIvt1iJ81orZKpM88+Rkkd3UeIN5cvX/J0Zn0pRFsI1dXVAzXLugKpR6Whx3kfu3fRjt50VlVVHQONbty5dOnbEKYE3HnVM4fncSPxyJIlH9lzVVZOLwN7RsCARAAPIyY45QgSRQ72xJIlS6RGKMf4E8LhM6Ap+u+2tJ6PhBLfuCfwImualQYNAXNbk7gAL34JJFOmTC+xFHaewXi3kuB/WbHitnZ7PRs4WPeEqHDs+HPjop29aadnm1essuaE8SJZmkJKZ7shVn941+K9sAh0qCrUHOC8DSfpkHAiOcZ0KGG8KiDgNOA07vL18RyDAxIFFq6BphkPCLTCzp6gOPgLeFn5iK/IvQj2dggEUQITtBFLYxgKvgMh4NAtgYZ+ZOroFBJxMq1PIIZADwQcAp8EIE1wkCL7YPqDNMvqbJ9MDibbV4akeE2fSZpdO61q7Xg1UTWAm0l8bTC/clr1g9QXwuc286dUV4+CI/oykj8BNBVUeZKvz6qqqqB+K/HaRMeP7rHmRMRXW+m+mf6gHGolr++bsi6l+wEDBsBGUrGORGB8HIDzezDqDo8ifpKviNGpVCrrox0bDgcAqj8nLD46wFOjT1SMs6YP2t12Q3U1vfikXCg8W7xRB3+nVlVdqqhitVOxHPnMHOFym29cU119HLXRHubPn5+OyxVxUz5PQpbQEpMmZdeiZ+xXHrKqyqoZ1Ur04WOUhOs4ljztTKfxLA6OVxIunVJMKAXL+Rr4Hw3+uvUvwSG8n8Gd4CnnjUJLzoqG48ynKa1hw9oNprjwKuOvyH3dJlLWJT6tdUK0p/xieBEvYt0jAaCfEwFUclVhuobqSLtgt3b5ErETwO1uB7t+kz72ZPRmD8kE+FTIwaEQnZWVVfVJwbsaG5ZKpx19F1dWV59M7WAmDQXd8MMsdh9nytXLG25fTc/QMI91W2xVZWXlcxfoyzvRF+BpIvDs0Ryak+Zdrus11BdGqhtBn9QmgUCA1ubLly+7B9d7IPRfIgq8oqFh6TTqS8UGLKIhvP/VPly+fOnl6RbGpkybdhH8mll4XvMifKZmXTdAS39I7RbL0sYua1z8MfXFHiaqJvsLbo8CgKySkpI0eMgMqUymFQbB36K+dsEeJF8QQl8Fd/vUu5Y1fEJtU6ZMCezatbcrrRmoBhPSxVfXci3+T9afQnNLj/b73L+D4/cA2VLIdpxhWu+Dwd24p4iif99FL+3E29gd4NBVBIakaVZiQi99ekFzSftON9+1knnxp1jCwQqdlEagVH66cHY6QHEjPeAkerBX0bh06Vp6BjMlwyGcU6Hj2hsAHIDFNX369Lxly5ZtRt2/kKeV/0WpoyP99R1A3d9MpW6GA14+tbq6nOYRwnICIJiasZ078ekPqmgeeoYP4YeN99A91pMf4kHQGaFSNb4Xyil4c43XemmNm0wmZRuE/VsgtKURwLn++uvzSaMsX7r0fmg2A+uchOEiGAza8yDZlaYlZ1p5C9BKfCDIeNMhWOM111wj+XTHHXcEiaaMypSrSwJtGxdVjc/widZioOROenPrdTiOD8egaVAIZdjgIXIFSzwBB7mSvgXCm+RG+A33UGJNOlsXpJEr+32n/pRjC80Qg2NHZHc3Qie+ichbePXVvp24Koq5m55XrFhB2oFMlTQFVEdFCOVwGNJP6T6jOdKai/P3wMShVB+NRiU4cEug+BDCvA5fl92H++GQCD4QoOzt/pKZB19j4L076at0yTrk9JhKWSmHk/mnTau+FRvoBtJwnsWV0JxV1D506FC6gEB2GGb/gG47OzuT+zUK38G5NhTVL3d1dX1uferbu6xcuRI45CwZ913myovcq6jObVOnVa2HDzIbwP40Cx57IKluUA7/YxOFiTOonjzxSI/xALTNE7KfYG9hzkK6R8arMdJtrNvtad9LzwQcHf4M8iCEse9kIdrkHuvWfggCL7CJfDcWixU63IoFGVEdGMTb8EUenTKoersbcGAhruV5VIF2Be2yDY4Z3uBxyYds5/T/NhnYuPz2l6dWVm+fNm367yDYz4ASucb+fl/jjs49bCqA1wWfM19R1Fn4BuqEZctu30ymDVpMghjiIzMk6QNwOOrl5JAfTGk6HC8sTL+zowYTH3/Qta2NUURIPwIvhYBYii6cEqcXX3PNjAGalpxrWnwztO1PvwAemgSQxBhc4OjihFoAVATVE6mNmM6crRVkpqgP5zJ8fy/bhhtqo+fvcpF7pL3Q90Z403wBQHL//ffH4Rwj/6KWgfaH8SONk8oBjtwXOP0KjqRO+0Nb0m4HO0aD5VI7Q2iyL4AikGGRGgTf8VyZMsWjYGIIIPsnje9dMgI7IP+0uKIhqboX/lEdjausrD4Sl1Pw2+yDv/NexmdBDvtlvM6opT4AgswKV1To8F4jw4RlbKb6RAKZLSoInaHt5Bv3piYde5G12T9Ej/1w551/JI08BdrHj2T0ZRJxdmPuFZoFWdRmmVUmwFCORpBGIURmwEF9qI5MHY2VbRJfuTN9d+8lvfTRWo6WtLiAf8KWTp0+/WgwPjV1avW50BYP0S7wjDSCrsG/eRcJ0VemTpv+DztCgUO8AqDYhbC+BX2U/VqAvlhI+ykIuT9Dn6XFxcXn4HSmP5HoxR68enWgSmqNXk0s5UDQD41/9dWzfNQGZ2U+ju/Mq2FuYWKNcphDVPPGxqV4LygshOHLqN/EiRPdAwaGkZHmqxsbG3fSHvabMtCniEPJ54IvNwQa5RC0u2mcXTDPCgD1THqm9ASy/cdimdcPCh57IF2JyfLLwANoFAISgSy3/3/jPbQHQtiV6h3Llr2A/V4Le/y3yqrqzUjYz4Zif5T2RKDAT5qGxoZlv4VS3+vK87wOH+R1HKuirq7IudRv3rx5whYOzu1/cPh2UT0JCJHS3zs7Oh/HN9FSI9j9YP7kCVeEAq0kpL9i19FYWWKqgU5va1qUzAgHiN8EeB7XNNdFmR5EH8iHf2QkfgmtNwya9I3CYu+r6PcWgE3vxmgfpj03rEcbaJwEbfssLNRDSEk/sy8cPiHTL2OZxMsAQT0AtBnpiecB/AcaGpY8+3/gEzB5QsXWPQAAAABJRU5ErkJggg=="
                />
              </a>
            </div>
          </div>
        </div>
      </div>
      <div
        class="css-1995r1v"
      >
        <div
          class="css-vurnku"
        >
          <div
            class="css-f5h6sg"
          >
            <div
              class="css-1rw838x"
            />
            <div
              class="css-1229dh0"
            >
              <div
                class="css-vurnku"
              >
                <div
                  style="position: relative; display: inline-block; text-align: left; opacity: 1; direction: ltr; border-radius: 14px; transition: opacity 0.25s; user-select: none;"
                >
                  <div
                    class="react-switch-bg"
                    style="height: 28px; width: 56px; margin: 0px; position: relative; background: rgb(221, 221, 221); border-radius: 14px; cursor: pointer; transition: background 0.25s;"
                  >
                    <div
                      style="height: 28px; width: 30px; position: relative; opacity: 0; pointer-events: none; transition: opacity 0.25s;"
                    >
                      <div
                        class="css-vfszow"
                      >
                        <div
                          class="css-14ic6yi"
                        >
                          <svg
                            aria-hidden="true"
                            class="octicon"
                            fill="currentColor"
                            height="16"
                            role="img"
                            style="display: inline-block; user-select: none; vertical-align: text-bottom;"
                            viewBox="0 0 16 16"
                            width="16"
                          >
                            <path
                              d="M9.598 1.591a.75.75 0 01.785-.175 7 7 0 11-8.967 8.967.75.75 0 01.961-.96 5.5 5.5 0 007.046-7.046.75.75 0 01.175-.786zm1.616 1.945a7 7 0 01-7.678 7.678 5.5 5.5 0 107.678-7.678z"
                              fill-rule="evenodd"
                            />
                          </svg>
                        </div>
                      </div>
                    </div>
                    <div
                      style="height: 28px; width: 30px; position: absolute; opacity: 1; right: 0px; top: 0px; pointer-events: none; transition: opacity 0.25s;"
                    >
                      <div
                        class="css-vfszow"
                      >
                        <div
                          class="css-14ic6yi"
                        >
                          <svg
                            aria-hidden="true"
                            class="octicon"
                            fill="currentColor"
                            height="16"
                            role="img"
                            style="display: inline-block; user-select: none; vertical-align: text-bottom;"
                            viewBox="0 0 16 16"
                            width="16"
                          >
                            <path
                              d="M8 10.5a2.5 2.5 0 100-5 2.5 2.5 0 000 5zM8 12a4 4 0 100-8 4 4 0 000 8zM8 0a.75.75 0 01.75.75v1.5a.75.75 0 01-1.5 0V.75A.75.75 0 018 0zm0 13a.75.75 0 01.75.75v1.5a.75.75 0 01-1.5 0v-1.5A.75.75 0 018 13zM2.343 2.343a.75.75 0 011.061 0l1.06 1.061a.75.75 0 01-1.06 1.06l-1.06-1.06a.75.75 0 010-1.06zm9.193 9.193a.75.75 0 011.06 0l1.061 1.06a.75.75 0 01-1.06 1.061l-1.061-1.06a.75.75 0 010-1.061zM16 8a.75.75 0 01-.75.75h-1.5a.75.75 0 010-1.5h1.5A.75.75 0 0116 8zM3 8a.75.75 0 01-.75.75H.75a.75.75 0 010-1.5h1.5A.75.75 0 013 8zm10.657-5.657a.75.75 0 010 1.061l-1.061 1.06a.75.75 0 11-1.06-1.06l1.06-1.06a.75.75 0 011.06 0zm-9.193 9.193a.75.75 0 010 1.06l-1.06 1.061a.75.75 0 11-1.061-1.06l1.06-1.061a.75.75 0 011.061 0z"
                              fill-rule="evenodd"
                            />
                          </svg>
                        </div>
                      </div>
                    </div>
                  </div>
                  <div
                    class="react-switch-handle"
                    style="height: 26px; width: 26px; background: rgb(255, 255, 255); display: inline-block; cursor: pointer; border-radius: 50%; position: absolute; transform: translateX(1px); top: 1px; outline: 0; border: 0px; transition: background-color 0.25s, transform 0.25s, box-shadow 0.15s;"
                  />
                  <input
                    aria-checked="false"
                    aria-label="Toggle dark mode"
                    role="switch"
                    style="border: 0px; height: 1px; margin: -1px; overflow: hidden; padding: 0px; position: absolute; width: 1px;"
                    type="checkbox"
                  />
                </div>
              </div>
            </div>
          </div>
        </div>
      </div>
    </header>
    <footer
      class="css-gtql5a"
    >
      <div
        class="css-vurnku"
      >
        <div
          class="css-f5h6sg"
        >
          <div
            class="css-1rw838x"
          >
            <span
              class="css-vurnku"
            >
              Copyright © 2021 by @component-controls
            </span>
          </div>
        </div>
      </div>
      <div
        class="css-vurnku"
      >
        <div
          class="css-f5h6sg"
        >
          <div
            class="css-1rw838x"
          >
            <a
              aria-label="visit project home page"
              class="css-1t54e2w"
              href="/"
            >
              Component controls
            </a>
          </div>
        </div>
      </div>
    </footer>
  </div>
</DocumentFragment>
`;
